<!DOCTYPE html>
<html lang="en">
<head>
    <meta http-equiv="refresh" content="0;URL=../../forked_pallet_democracy/trait.Approved.html">
</head>
<body>
    <p>Redirecting to <a href="../../forked_pallet_democracy/trait.Approved.html">../../forked_pallet_democracy/trait.Approved.html</a>...</p>
    <script>location.replace("../../forked_pallet_democracy/trait.Approved.html" + location.search + location.hash);</script>
</body>
</html>